FILE_TYPE=LIBRARY_PARTS;
PRIMITIVE 'MM3Z3V0ST1G','MM3Z3V0ST1G_Small Outline Diode';
  PIN
    'K':
      PIN_NUMBER='(1)';
      NO_LOAD_CHECK=BOTH;
      NO_IO_CHECK=BOTH;
      ALLOW_CONNECT=TRUE;
      PINUSE='UNSPEC';
    'A':
      PIN_NUMBER='(2)';
      NO_LOAD_CHECK=BOTH;
      NO_IO_CHECK=BOTH;
      ALLOW_CONNECT=TRUE;
      PINUSE='UNSPEC';
  END_PIN;
  BODY
    PART_NAME='MM3Z3V0ST1G';
    PHYS_DES_PREFIX='Z';
    NO_LOAD_CHECK='TRUE';
    PIN_COUNT='2';
    BODY_NAME='MM3Z3V0ST1G';
    JEDEC_TYPE='SOD2512X100N';
  END_BODY;
END_PRIMITIVE;
END.
