/home/tliao/Desktop/InverterGen5/STM32CubeMX/Src/Sensors/adc_backend.c:27:19:AdcBackend_Init	8	static
/home/tliao/Desktop/InverterGen5/STM32CubeMX/Src/Sensors/adc_backend.c:32:25:AdcBackend_GetVdcAdc	4	static
/home/tliao/Desktop/InverterGen5/STM32CubeMX/Src/Sensors/adc_backend.c:37:13:ADC_ConfigChannel	56	static
/home/tliao/Desktop/InverterGen5/STM32CubeMX/Src/Sensors/adc_backend.c:50:17:ADC_ReadAdc1Channel	24	static
/home/tliao/Desktop/InverterGen5/STM32CubeMX/Src/Sensors/adc_backend.c:60:17:ADC_ReadAdc2Channel	16	static
/home/tliao/Desktop/InverterGen5/STM32CubeMX/Src/Sensors/adc_backend.c:69:17:ADC_ReadAdc3Channel	16	static
/home/tliao/Desktop/InverterGen5/STM32CubeMX/Src/Sensors/adc_backend.c:77:14:CountsToVolts	16	static
/home/tliao/Desktop/InverterGen5/STM32CubeMX/Src/Sensors/adc_backend.c:82:7:AdcBackend_ReadChannelVoltage	16	static
