FILE_TYPE=LIBRARY_PARTS;
PRIMITIVE 'UF4007','UF4007_Diodes, Axial Diameter Horizontal Mounting';
  PIN
    'K':
      PIN_NUMBER='(1)';
      NO_LOAD_CHECK=BOTH;
      NO_IO_CHECK=BOTH;
      ALLOW_CONNECT=TRUE;
      PINUSE='UNSPEC';
    'A':
      PIN_NUMBER='(2)';
      NO_LOAD_CHECK=BOTH;
      NO_IO_CHECK=BOTH;
      ALLOW_CONNECT=TRUE;
      PINUSE='UNSPEC';
  END_PIN;
  BODY
    PART_NAME='UF4007';
    PHYS_DES_PREFIX='D';
    NO_LOAD_CHECK='TRUE';
    PIN_COUNT='2';
    BODY_NAME='UF4007';
    JEDEC_TYPE='DIOAD1413W86L463D238';
  END_BODY;
END_PRIMITIVE;
END.
