/home/tliao/Desktop/InverterGen5/STM32CubeMX/Src/main.c:70:13:ADC1_DumpRegs	8	static
/home/tliao/Desktop/InverterGen5/STM32CubeMX/Src/main.c:100:9:Read_PH_U_Current	32	static,ignoring_inline_asm
/home/tliao/Desktop/InverterGen5/STM32CubeMX/Src/main.c:161:5:main	168	static
/home/tliao/Desktop/InverterGen5/STM32CubeMX/Src/main.c:311:6:SystemClock_Config	120	static
/home/tliao/Desktop/InverterGen5/STM32CubeMX/Src/main.c:369:6:PeriphCommonClock_Config	192	static
/home/tliao/Desktop/InverterGen5/STM32CubeMX/Src/main.c:400:6:Error_Handler	4	static,ignoring_inline_asm
