/home/tliao/Desktop/InverterGen5/STM32CubeMX/Src/tim.c:61:16:PWM_ComputeDeadTime	72	static
/home/tliao/Desktop/InverterGen5/STM32CubeMX/Src/tim.c:69:17:PWM_PhaseToChannel	16	static
/home/tliao/Desktop/InverterGen5/STM32CubeMX/Src/tim.c:79:6:MX_TIM1_Init	112	static
/home/tliao/Desktop/InverterGen5/STM32CubeMX/Src/tim.c:162:6:HAL_TIM_PWM_MspInit	48	static
/home/tliao/Desktop/InverterGen5/STM32CubeMX/Src/tim.c:190:6:HAL_TIM_MspPostInit	40	static
/home/tliao/Desktop/InverterGen5/STM32CubeMX/Src/tim.c:224:6:HAL_TIM_PWM_MspDeInit	16	static
/home/tliao/Desktop/InverterGen5/STM32CubeMX/Src/tim.c:255:6:PWM_SetFrequency	32	static
/home/tliao/Desktop/InverterGen5/STM32CubeMX/Src/tim.c:279:6:PWM_SetDeadTime	24	static
/home/tliao/Desktop/InverterGen5/STM32CubeMX/Src/tim.c:290:6:PWM_SetDutyCycle	32	static
/home/tliao/Desktop/InverterGen5/STM32CubeMX/Src/tim.c:303:6:PWM_SetThreePhaseDuty	24	static
/home/tliao/Desktop/InverterGen5/STM32CubeMX/Src/tim.c:310:6:PWM_StartSPWM	16	static
/home/tliao/Desktop/InverterGen5/STM32CubeMX/Src/tim.c:326:6:PWM_StopSPWM	8	static
/home/tliao/Desktop/InverterGen5/STM32CubeMX/Src/tim.c:333:6:PWM_SetSPWMParams	16	static
/home/tliao/Desktop/InverterGen5/STM32CubeMX/Src/tim.c:344:6:HAL_TIM_PeriodElapsedCallback	48	static
/home/tliao/Desktop/InverterGen5/STM32CubeMX/Src/tim.c:391:6:PWM_StartPhase	24	static
/home/tliao/Desktop/InverterGen5/STM32CubeMX/Src/tim.c:399:6:PWM_StopPhase	24	static
/home/tliao/Desktop/InverterGen5/STM32CubeMX/Src/tim.c:407:6:PWM_Start	8	static
/home/tliao/Desktop/InverterGen5/STM32CubeMX/Src/tim.c:414:6:PWM_Stop	8	static
/home/tliao/Desktop/InverterGen5/STM32CubeMX/Src/tim.c:421:6:PWM_ClearFault	4	static
/home/tliao/Desktop/InverterGen5/STM32CubeMX/Src/tim.c:427:6:PWM_PrintState	48	static
/home/tliao/Desktop/InverterGen5/STM32CubeMX/Src/tim.c:444:6:PWM_PrintSPWMState	56	static
