/home/tliao/Desktop/InverterGen5/STM32CubeMX/Src/App/nvm.c:21:17:NVM_Crc16	32	static
/home/tliao/Desktop/InverterGen5/STM32CubeMX/Src/App/nvm.c:37:17:NVM_SystemHeaderCrc	16	static
/home/tliao/Desktop/InverterGen5/STM32CubeMX/Src/App/nvm.c:42:17:NVM_MotorParamsCrc	16	static
/home/tliao/Desktop/InverterGen5/STM32CubeMX/Src/App/nvm.c:47:13:NVM_LoadSystemHeader	56	static
/home/tliao/Desktop/InverterGen5/STM32CubeMX/Src/App/nvm.c:76:13:NVM_SaveSystemHeader	8	static
/home/tliao/Desktop/InverterGen5/STM32CubeMX/Src/App/nvm.c:83:6:NVM_Init	24	static
/home/tliao/Desktop/InverterGen5/STM32CubeMX/Src/App/nvm.c:104:6:NVM_Update	16	static
/home/tliao/Desktop/InverterGen5/STM32CubeMX/Src/App/nvm.c:120:10:NVM_GetTotalMs	4	static
/home/tliao/Desktop/InverterGen5/STM32CubeMX/Src/App/nvm.c:125:10:NVM_GetBootCount	4	static
/home/tliao/Desktop/InverterGen5/STM32CubeMX/Src/App/nvm.c:130:6:NVM_Format	56	static
/home/tliao/Desktop/InverterGen5/STM32CubeMX/Src/App/nvm.c:144:6:NVM_ReadMotorParams	56	static
/home/tliao/Desktop/InverterGen5/STM32CubeMX/Src/App/nvm.c:158:6:NVM_WriteMotorParams	48	static
