FILE_TYPE=LIBRARY_PARTS;
PRIMITIVE 'ADCM_S05R5SA224XB','ADCM_S05R5SA224XB_Other';
  PIN
    '+':
      PIN_NUMBER='(1)';
      NO_LOAD_CHECK=BOTH;
      NO_IO_CHECK=BOTH;
      ALLOW_CONNECT=TRUE;
      PINUSE='UNSPEC';
    '-':
      PIN_NUMBER='(2)';
      NO_LOAD_CHECK=BOTH;
      NO_IO_CHECK=BOTH;
      ALLOW_CONNECT=TRUE;
      PINUSE='UNSPEC';
  END_PIN;
  BODY
    PART_NAME='ADCM_S05R5SA224XB';
    PHYS_DES_PREFIX='C';
    NO_LOAD_CHECK='TRUE';
    PIN_COUNT='2';
    BODY_NAME='ADCM_S05R5SA224XB';
    JEDEC_TYPE='ADCMS05R5SA224XB';
  END_BODY;
END_PRIMITIVE;
END.
